✅ Test Case 1 Passed
❌ Test Case 1 Failed: expected: <[34, 21, 10]> but was: <[34, 22, 10]>
❌ Test Case 1 Failed: expected: <[34, 21, 10]> but was: <[34, 22, 10]>
✅ Test Case 1 Passed
